
> modern-esthete@0.1.0 build
> npx prisma generate && next build -

Environment variables loaded from .env
Prisma schema loaded from prisma\schema.prisma

Ô£ö Installed the @prisma/client and prisma packages in your project

Ô£ö Generated Prisma Client (v6.4.0) to .\node_modules\@prisma\client in 131ms

Start by importing your Prisma Client (See: https://pris.ly/d/importing-client)

Tip: Want to turn off tips and other hints? https://pris.ly/tip-4-nohints

Invalid project directory provided, no such directory: D:\Github\Modern Esthete\-
